=== SERPER COMBINED RESULTS ===
A Study of Method Development, Validation, and Forced ... -> https://pmc.ncbi.nlm.nih.gov/articles/PMC4237153/
Degradation of paracetamol and other constituents in ... -> https://www.tandfonline.com/doi/full/10.1080/22201181.2016.1191227
A Study of Method Development, Validation, and Forced ... -> https://www.researchgate.net/publication/274832482_A_Study_of_Method_Development_Validation_and_Forced_Degradation_for_Simultaneous_Quantification_of_Paracetamol_and_Ibuprofen_in_Pharmaceutical_Dosage_Form_by_RP-HPLC_Method
Validation of HPLC-DAD method for analysis ... -> https://www.akjournals.com/view/journals/1326/37/1/article-p112.xml
Degradation Study Of Paracetamol In Bulk And Tablet ... -> https://ijprajournal.com/issue_dcp/Degradation%20Study%20Of%20Paracetamol%20In%20Bulk%20And%20Tablet%20Using%20Uv%20Spectroscopy.pdf
(PDF) Forced Degradation Study of Paracetamol in Tablet ... -> https://www.academia.edu/69211417/Forced_Degradation_Study_of_Paracetamol_in_Tablet_Formulation_Using_RP_HPLC
Forced Degradation Study Of Paracetamol Levels Using ... -> https://www.semanticscholar.org/paper/Forced-Degradation-Study-Of-Paracetamol-Levels-Fernanda-Ningsih/3810cc14cf9a9453b8b7488319a395837310f653
ISSN: 0970-2091 HPLC method validation and Forced ... -> https://www.biology-journal.org/fulltext/v39i2/ijapb39-2-43.pdf
Stability‐Indicating RP‐HPLC Method for Analysis of ... -> https://onlinelibrary.wiley.com/doi/pdf/10.1155/2012/732506
A Study of Method Development, Validation, and Forced ... -> https://la-press.org/a-study-of-method-development-validation-and-forced-degradation-for-si-article-a4511/
Forced degradation study of paracetamol in tablet formulation using RP-HPLC -> https://www.academia.edu/download/79393151/fpp-3-4.pdf
Validation of HPLC-DAD method for analysis of paracetamol and potassium sorbate in liquid oral formulations and its application to forced degradation study -> https://akjournals.com/view/journals/1326/aop/article-10.1556-1326.2024.01215/article-10.1556-1326.2024.01215.xml?body=pdf-27277&utm_source=TrendMD&utm_medium=cpc&utm_campaign=Acta_Chromatographica_TrendMD_0
Chemical Stability and Dissolution of Paracetamol Tablets Formulated by Direct Compression and Granulation Process. -> https://search.ebscohost.com/login.aspx?direct=true&profile=ehost&scope=site&authtype=crawler&jrnl=13180207&AN=190634905&h=lbrbgVSZQfXlaZbITBmcekCYjGhAJKyHTMFqfjbP%2FOFmKShyGoSOo1zdVJZM0yrQg0BCSmMQrrHtFQjMzk%2BHNg%3D%3D&crl=c
Validasi Metode Analisis Dan Pengujian Force Degradation Study Pada Merek Dagang Yang Mengandung ParacetamoL -> https://scholar.archive.org/work/rhutdqso2ncyzjweh4nu3yopiy/access/wayback/http://e-jurnal.stikes-isfi.ac.id/index.php/JIIS/article/download/829/563
… UV spectrophotometric method for detection of P-aminophenol and energy of activation approach to set degradation protocol for forced degradation studies -> https://www.researchgate.net/profile/Gitanjali-Deokar/publication/301730665_Chemical_Derivatization_UV_Spectrophotometric_Method_for_Detection_of_P-_Aminophenol_and_Energy_of_Activation_Approach_to_Set_Degradation_Protocol_for_Forced_Degradation_Studies/links/5724457f08aef9c00b812487/Chemical-Derivatization-UV-Spectrophotometric-Method-for-Detection-of-P-Aminophenol-and-Energy-of-Activation-Approach-to-Set-Degradation-Protocol-for-Forced-Degradation-Studies.pdf
Stability‐Indicating RP‐HPLC Method for Analysis of Paracetamol and Tramadol in a Pharmaceutical Dosage Form -> https://onlinelibrary.wiley.com/doi/abs/10.1155/2012/732506
Degradation study of different brands of paracetamol by UV spectroscopy -> https://www.academia.edu/download/111240273/9.pdf
DRUG DEGRADATION: BY USING DIFFERENT BRANDS OF PARACETAMOL -> https://www.ijtra.com/download.php-paper-drug-degradation-by-using-different-brands-of-paracetamol.pdf
FORCED DEGRADATION STUDY OF PARACETAMOL IN TABLET ... -> https://www.appconnect.in/wp-content/uploads/2012/06/ReprintBPR027.pdf
a comprehensive review of forced degradation studies and stability ... -> https://www.ijprems.com/ijprems-paper/a-comprehensive-review-of-forced-degradation-studies-and-stability-indicating-methods-for-paracetamol-and-metronidazole
A Study of Method Development, Validation, and Forced Degradation ... -> https://scispace.com/pdf/a-study-of-method-development-validation-and-forced-3dmlgarmhk.pdf
INTERNATIONAL JOURNAL OF PHARMACEUTICAL ... -> https://arastirmax.com/en/system/files/dergiler/57636/makaleler/2/5/arastirmax-ich-guidance-prescribed-stressed-degradation-study-paracetamol-and-development-validated-method-uv-spectrophotometry-bulk-and-pharmaceutical-dosage-form.pdf
development-of-assay-method-and-forced-degradation-study-of- ... -> https://www.scholarsresearchlibrary.com/articles/development-of-assay-method-and-forced-degradation-study-of-dexibuprofen-and-paracetamol-by-rphplc-in-tablet-formulation.pdf
Degradation of paracetamol and other constituents in Perfalgan® -> https://www.tandfonline.com/doi/pdf/10.1080/22201181.2016.1191227
Effect of Solution pH on the Adsorption of Paracetamol on Chemically ... -> https://pmc.ncbi.nlm.nih.gov/articles/PMC6152014/
Paracetamol (Acetaminophen) - Pharmaceutical Drugs - NCBI - NIH -> https://www.ncbi.nlm.nih.gov/books/NBK526213/
Storage-stable formulation of paracetamol in aqueous solution -> https://patents.google.com/patent/US8404891B2/en
Degradation of paracetamol in aqueous solutions by TiO 2 ... -> https://www.sciencedirect.com/science/article/abs/pii/S0043135408001784
Paracetamol Stability | PDF | High Performance Liquid Chromatography -> https://www.scribd.com/document/124471112/Paracetamol-Stability
Kinetic Analysis of pH Effect on the Paracetamol Degradation by an ... -> https://www.mdpi.com/2073-4441/17/9/1364
Ph stability of a) paracetamol syrup b) diphenhydramine syrup and c)... -> https://www.researchgate.net/figure/Ph-stability-of-a-paracetamol-syrup-b-diphenhydramine-syrup-and-c-pediatric-cough_fig1_270507343
In-Use Stability Study of Paracetamol Original Brand of Oral Suspension -> https://biomedgrid.com/pdf/AJBSR.MS.ID.002324.pdf
Factors Affecting the Stability of Paracetamol in Packaged Tablet ... -> https://www.bionova.co.in/Articles/stability-of-paracetamol/
Pharmaceutical Stability of Brands of Paracetamol Tablets under Different ... -> https://www.academia.edu/45414992/Pharmaceutical_Stability_of_Brands_of_Paracetamol_Tablets_under_Different_Environmental_Conditions
[PDF] A Study of Method Development, Validation, and Forced Degradation ... -> https://www.semanticscholar.org/paper/A-Study-of-Method-Development%2C-Validation%2C-and-for-Jahan-Islam/16d91a08940c4066ff5d515423d73532975af108
